python : ..F[INFO] St
art to convert C:\Use
rs\57745\AppData\Loca
l\Temp\tmp7hda0y_z.pd
f
所在位置 行:1 字符: 1
+ python tests/test_c
onversion.py > test_o
utput.txt 2>&1
+ ~~~~~~~~~~~~~~~~~~~
~~~~~~~~~~~~~~~~~~~~~
~~~~~~~~~~~~~~
    + CategoryInfo   
           : NotSpe  
  cified: (..F[INF   
 O] Start...tmp7h    
da0y_z.pdf:Strin    g
) [], RemoteExc    ep
tion
    + FullyQualified 
   ErrorId : Native  
  CommandError
 
[INFO] [1;36m[1/4] O
pening document...[0
m
[INFO] [1;36m[2/4] A
nalyzing document...
[0m
[INFO] [1;36m[3/4] P
arsing pages...[0m
[INFO] (1/1) Page 1
[INFO] [1;36m[4/4] C
reating pages...[0m
[INFO] (1/1) Page 1
[INFO] Terminated in 
0.07s.
.
=====================
=====================
=====================
=======
FAIL: test_pdf_to_exc
el (__main__.TestConv
ersionEndpoints.test_
pdf_to_excel)
---------------------
---------------------
---------------------
-------
Traceback (most recen
t call last):
  File "C:\Users\5774
5\Desktop\web\tests\t
est_conversion.py", l
ine 58, in test_pdf_t
o_excel
    self.assertEqual(
response.status_code,
 200)
AssertionError: 500 !
= 200

---------------------
---------------------
---------------------
-------
Ran 4 tests in 2.796s

FAILED (failures=1)
